key	a	NoteOn	0	c3
key	b	NoteOn	0	d3
key	c	NoteOn	0	e3
key	d	NoteOn	0	f3
key	e	NoteOn	0	g3
key	f	NoteOn	0	a3
key	g	NoteOn	0	b3
key	-	NoteOn	0	c#3
key	[	NoteOn	0	d#3
key	`	NoteOn	0	f#3
key	;	NoteOn	0	g#3
key	1	NoteOn	0	a#3

key	h	NoteOn	0	c4
key	i	NoteOn	0	d4
key	j	NoteOn	0	e4
key	k	NoteOn	0	f4
key	l	NoteOn	0	g4
key	m	NoteOn	0	a4
key	n	NoteOn	0	b4
key	2	NoteOn	0	c#4
key	3	NoteOn	0	d#4
key	4	NoteOn	0	f#4
key	5	NoteOn	0	g#4
key	6	NoteOn	0	a#4

key	o	NoteOn	0	c5
key	p	NoteOn	0	d5
key	q	NoteOn	0	e5
key	r	NoteOn	0	f5
key	s	NoteOn	0	g5
key	t	NoteOn	0	a5
key	u	NoteOn	0	b5
key	7	NoteOn	0	c#5
key	8	NoteOn	0	d#5
key	9	NoteOn	0	f#5
key	0	NoteOn	0	g#5
key	'	NoteOn	0	a#5

key	v	NoteOn	0	c6
key	w	NoteOn	0	d6
key	x	NoteOn	0	e6
key	y	NoteOn	0	f6
key	z	NoteOn	0	g6
key	tab	NoteOn	0	a6
key	space	NoteOn	0	b6
key	,	NoteOn	0	c#6
key	.	NoteOn	0	d#6
key	/	NoteOn	0	f#6
key	=	NoteOn	0	g#6
key	f1	NoteOn	0	a#6

key	caps	NoteOn	0	c7
key	]	NoteOn	0	d7
key	enter	NoteOn	0	e7
key	\	NoteOn	0	f7
key	f5	NoteOn	0	g7
key	f7	NoteOn	0	a7
key	f9	NoteOn	0	b7
key	f2	NoteOn	0	c#7
key	f3	NoteOn	0	d#7
key	f4	NoteOn	0	f#7
key	f6	NoteOn	0	g#7
key	f8	NoteOn	0	a#7
