#	keyname	action	channel	note
key	left	NoteOn	0	c4
key	down	NoteOn	0	d4
key	right	NoteOn	0	g#5
key	up	NoteOn	0	f4
key	num0	NoteOn	0	g4
key	num.	NoteOn	0	a4
key	numenter	NoteOn	0	b4
key	num1	NoteOn	0	c5
key	num2	NoteOn	0	d5
key	num3	NoteOn	0	e5
key	num4	NoteOn	0	f5
key	num5	NoteOn	0	g5
key	num6	NoteOn	0	a5
key	num7	NoteOn	0	b5
key	num8	NoteOn	0	c6
key	num9	NoteOn	0	d6
key	num+	NoteOn	0	e6
key	numlock	NoteOn	0	f6
key	num/	NoteOn	0	g6
key	num*	NoteOn	0	a6
key	num-	NoteOn	0	b6
key	delete	NoteOn	0	c7
key	end	NoteOn	0	d7
key	pgdn	NoteOn	0	e7
key	insert	NoteOn	0	f7
key	home	NoteOn	0	g7
key	pgup	NoteOn	0	a7

key	shift	NoteOn	1	f2
key	z	NoteOn	1	g2
key	x	NoteOn	1	a2
key	c	NoteOn	1	b2
key	v	NoteOn	1	c3
key	b	NoteOn	1	d3
key	n	NoteOn	1	e3
key	m	NoteOn	1	f3
key	,	NoteOn	1	g3
key	.	NoteOn	1	a3
key	/	NoteOn	1	b3
key	rshift	NoteOn	1	c4

key	caps	NoteOn	1	f3
key	a	NoteOn	1	g3
key	s	NoteOn	1	a3
key	d	NoteOn	1	b3
key	f	NoteOn	1	c4
key	g	NoteOn	1	d4
key	h	NoteOn	1	e4
key	j	NoteOn	1	f4
key	k	NoteOn	1	g4
key	l	NoteOn	1	a4
key	;	NoteOn	1	b4
key	'	NoteOn	1	c5
key	enter	NoteOn	1	d5

key	tab	NoteOn	1	f4
key	q	NoteOn	1	g4
key	w	NoteOn	1	a4
key	e	NoteOn	1	b4
key	r	NoteOn	1	c5
key	t	NoteOn	1	d5
key	y	NoteOn	1	e5
key	u	NoteOn	1	f5
key	i	NoteOn	1	g5
key	o	NoteOn	1	a5
key	p	NoteOn	1	b5
key	[	NoteOn	1	c6
key	]	NoteOn	1	d6
key	\	NoteOn	1	e6

key	`	NoteOn	1	f4
key	1	NoteOn	1	g5
key	2	NoteOn	1	a5
key	3	NoteOn	1	b5
key	4	NoteOn	1	c6
key	5	NoteOn	1	d6
key	6	NoteOn	1	e6
key	7	NoteOn	1	f6
key	8	NoteOn	1	g6
key	9	NoteOn	1	a6
key	0	NoteOn	1	b6
key	-	NoteOn	1	c7
key	=	NoteOn	1	d7
key	back	NoteOn	1	e7

keydown	space	Controller	0	SustainPedal	0
keyup	space	Controller	0	SustainPedal	127
