map	left	NoteOn	0	c4
map	down	NoteOn	0	d4
map	right	NoteOn	0	e4
map	up	NoteOn	0	f4
map	num0	NoteOn	0	g4
map	num.	NoteOn	0	a4
map	numenter	NoteOn	0	b4
map	num1	NoteOn	0	c5
map	num2	NoteOn	0	d5
map	num3	NoteOn	0	e5
map	num4	NoteOn	0	f5
map	num5	NoteOn	0	g5
map	num6	NoteOn	0	a5
map	num7	NoteOn	0	b5
map	num8	NoteOn	0	c6
map	num9	NoteOn	0	d6
map	num+	NoteOn	0	e6
map	numlock	NoteOn	0	f6
map	num/	NoteOn	0	g6
map	num*	NoteOn	0	a6
map	num-	NoteOn	0	b6
map	delete	NoteOn	0	c7
map	end	NoteOn	0	d7
map	pgdn	NoteOn	0	e7
map	insert	NoteOn	0	f7
map	home	NoteOn	0	g7
map	pgup	NoteOn	0	a7

map	z	NoteOn	1	c3
map	x	NoteOn	1	d3
map	c	NoteOn	1	e3
map	v	NoteOn	1	f3
map	b	NoteOn	1	g3
map	n	NoteOn	1	a3
map	m	NoteOn	1	b3
map	,	NoteOn	1	c4
map	.	NoteOn	1	d4
map	/	NoteOn	1	e4

map	a	NoteOn	1	c4
map	s	NoteOn	1	d4
map	d	NoteOn	1	e4
map	f	NoteOn	1	f4
map	g	NoteOn	1	g4
map	h	NoteOn	1	a4
map	j	NoteOn	1	b4
map	k	NoteOn	1	c5
map	l	NoteOn	1	d5
map	;	NoteOn	1	e5
map	'	NoteOn	1	f5

map	q	NoteOn	1	c5
map	w	NoteOn	1	d5
map	e	NoteOn	1	e5
map	r	NoteOn	1	f5
map	t	NoteOn	1	g5
map	y	NoteOn	1	a5
map	u	NoteOn	1	b5
map	i	NoteOn	1	c6
map	o	NoteOn	1	d6
map	p	NoteOn	1	e6
map	[	NoteOn	1	f6
map	]	NoteOn	1	g6

map	1	NoteOn	1	c6
map	2	NoteOn	1	d6
map	3	NoteOn	1	e6
map	4	NoteOn	1	f6
map	5	NoteOn	1	g6
map	6	NoteOn	1	a6
map	7	NoteOn	1	b6
map	8	NoteOn	1	c7
map	9	NoteOn	1	d7
map	0	NoteOn	1	e7
map	-	NoteOn	1	f7
map	=	NoteOn	1	g7

